../Drivers/CMSIS/Include/core_cm0.h:623:22:__NVIC_EnableIRQ	2
../Drivers/CMSIS/Include/core_cm0.h:730:22:__NVIC_SetPriority	2
../Drivers/STM32F0xx_HAL_Driver/Inc/stm32f0xx_ll_i2c.h:429:22:LL_I2C_Enable	1
../Drivers/STM32F0xx_HAL_Driver/Inc/stm32f0xx_ll_i2c.h:644:22:LL_I2C_EnableClockStretching	1
../Drivers/STM32F0xx_HAL_Driver/Inc/stm32f0xx_ll_i2c.h:766:22:LL_I2C_DisableGeneralCall	1
../Drivers/STM32F0xx_HAL_Driver/Inc/stm32f0xx_ll_i2c.h:877:22:LL_I2C_SetOwnAddress2	1
../Drivers/STM32F0xx_HAL_Driver/Inc/stm32f0xx_ll_i2c.h:899:22:LL_I2C_DisableOwnAddress2	1
../Drivers/STM32F0xx_HAL_Driver/Inc/stm32f0xx_ll_i2c.h:1289:22:LL_I2C_EnableIT_TX	1
../Drivers/STM32F0xx_HAL_Driver/Inc/stm32f0xx_ll_i2c.h:1554:26:LL_I2C_IsActiveFlag_TXE	2
../Drivers/STM32F0xx_HAL_Driver/Inc/stm32f0xx_ll_i2c.h:1881:22:LL_I2C_EnableAutoEndMode	1
../Drivers/STM32F0xx_HAL_Driver/Inc/stm32f0xx_ll_i2c.h:2081:22:LL_I2C_SetSlaveAddr	1
../Drivers/STM32F0xx_HAL_Driver/Inc/stm32f0xx_ll_i2c.h:2135:22:LL_I2C_HandleTransfer	1
../Drivers/STM32F0xx_HAL_Driver/Inc/stm32f0xx_ll_rcc.h:746:22:LL_RCC_HSI_Enable	1
../Drivers/STM32F0xx_HAL_Driver/Inc/stm32f0xx_ll_rcc.h:766:26:LL_RCC_HSI_IsReady	1
../Drivers/STM32F0xx_HAL_Driver/Inc/stm32f0xx_ll_rcc.h:792:22:LL_RCC_HSI_SetCalibTrimming	1
../Drivers/STM32F0xx_HAL_Driver/Inc/stm32f0xx_ll_rcc.h:1098:22:LL_RCC_SetSysClkSource	1
../Drivers/STM32F0xx_HAL_Driver/Inc/stm32f0xx_ll_rcc.h:1114:26:LL_RCC_GetSysClkSource	1
../Drivers/STM32F0xx_HAL_Driver/Inc/stm32f0xx_ll_rcc.h:1134:22:LL_RCC_SetAHBPrescaler	1
../Drivers/STM32F0xx_HAL_Driver/Inc/stm32f0xx_ll_rcc.h:1150:22:LL_RCC_SetAPB1Prescaler	1
../Drivers/STM32F0xx_HAL_Driver/Inc/stm32f0xx_ll_rcc.h:1284:22:LL_RCC_SetI2CClockSource	1
../Drivers/STM32F0xx_HAL_Driver/Inc/stm32f0xx_ll_rcc.h:1505:22:LL_RCC_PLL_Enable	1
../Drivers/STM32F0xx_HAL_Driver/Inc/stm32f0xx_ll_rcc.h:1526:26:LL_RCC_PLL_IsReady	1
../Drivers/STM32F0xx_HAL_Driver/Inc/stm32f0xx_ll_rcc.h:1627:22:LL_RCC_PLL_ConfigDomain_SYS	1
../Drivers/STM32F0xx_HAL_Driver/Inc/stm32f0xx_ll_bus.h:225:22:LL_AHB1_GRP1_EnableClock	1
../Drivers/STM32F0xx_HAL_Driver/Inc/stm32f0xx_ll_bus.h:413:22:LL_APB1_GRP1_EnableClock	1
../Drivers/STM32F0xx_HAL_Driver/Inc/stm32f0xx_ll_bus.h:663:22:LL_APB1_GRP2_EnableClock	1
../Drivers/STM32F0xx_HAL_Driver/Inc/stm32f0xx_ll_system.h:1778:22:LL_FLASH_SetLatency	1
../Drivers/STM32F0xx_HAL_Driver/Inc/stm32f0xx_ll_system.h:1790:26:LL_FLASH_GetLatency	1
../Drivers/STM32F0xx_HAL_Driver/Inc/stm32f0xx_ll_tim.h:1073:22:LL_TIM_EnableCounter	1
../Drivers/STM32F0xx_HAL_Driver/Inc/stm32f0xx_ll_tim.h:1264:22:LL_TIM_DisableARRPreload	1
../Drivers/STM32F0xx_HAL_Driver/Inc/stm32f0xx_ll_tim.h:1368:22:LL_TIM_SetPrescaler	1
../Drivers/STM32F0xx_HAL_Driver/Inc/stm32f0xx_ll_tim.h:1395:22:LL_TIM_SetAutoReload	1
../Drivers/STM32F0xx_HAL_Driver/Inc/stm32f0xx_ll_tim.h:3105:22:LL_TIM_ClearFlag_UPDATE	1
../Drivers/STM32F0xx_HAL_Driver/Inc/stm32f0xx_ll_tim.h:3116:26:LL_TIM_IsActiveFlag_UPDATE	2
../Drivers/STM32F0xx_HAL_Driver/Inc/stm32f0xx_ll_tim.h:3380:22:LL_TIM_EnableIT_UPDATE	1
../Core/Inc/_Fnc_IRQ.h:8:6:I2C1_IRQHandler	2
../Core/Inc/_Fnc_IRQ.h:18:6:TIM16_IRQHandler	2
../Core/Inc/_Fnc_IRQ.h:29:6:TIM17_IRQHandler	2
../Core/Inc/_Fnc_Gen.h:3:6:delay_1ms	2
../Core/Inc/_Fnc_Gen.h:8:6:delay_10us	2
../Core/Inc/_SSD1306.h:1:9:SSD1306_Init	1
../Core/Inc/_SSD1306.h:52:6:SSD1306_Fill	2
../Core/Inc/_SSD1306.h:57:6:SSD1306_DrawPixel	5
../Core/Inc/_SSD1306.h:79:6:SSD1306_GotoXY	1
../Core/Inc/_SSD1306.h:85:6:SSD1306_Putc	6
../Core/Inc/_SSD1306.h:116:6:SSD1306_Puts	3
../Core/Inc/_SSD1306.h:133:6:SSD1306_Clear	1
../Core/Inc/_SSD1306.h:138:6:SSD1306_ON	1
../Core/Inc/_SSD1306.h:143:6:SSD1306_OFF	1
../Core/Inc/_SSD1306.h:150:6:ssd1306_I2C_Init	2
../Core/Inc/_SSD1306.h:157:6:SSD1306_UpdateScreen	2
../Core/Inc/_SSD1306.h:170:6:ssd1306_I2C_WriteMulti	2
../Core/Inc/_SSD1306.h:183:6:ssd1306_I2C_Write	1
../Core/Src/main.c:68:5:main	2
../Core/Src/main.c:121:6:SystemClock_Config	5
../Core/Src/main.c:162:13:MX_I2C1_Init	1
../Core/Src/main.c:231:13:MX_TIM16_Init	1
../Core/Src/main.c:268:13:MX_TIM17_Init	1
../Core/Src/main.c:305:13:MX_GPIO_Init	1
../Core/Src/main.c:326:6:Error_Handler	1
