../Drivers/CMSIS/Include/core_cm0.h:623:22:__NVIC_EnableIRQ	16	static
../Drivers/CMSIS/Include/core_cm0.h:730:22:__NVIC_SetPriority	24	static
../Drivers/STM32F0xx_HAL_Driver/Inc/stm32f0xx_ll_i2c.h:429:22:LL_I2C_Enable	16	static
../Drivers/STM32F0xx_HAL_Driver/Inc/stm32f0xx_ll_i2c.h:644:22:LL_I2C_EnableClockStretching	16	static
../Drivers/STM32F0xx_HAL_Driver/Inc/stm32f0xx_ll_i2c.h:766:22:LL_I2C_DisableGeneralCall	16	static
../Drivers/STM32F0xx_HAL_Driver/Inc/stm32f0xx_ll_i2c.h:877:22:LL_I2C_SetOwnAddress2	24	static
../Drivers/STM32F0xx_HAL_Driver/Inc/stm32f0xx_ll_i2c.h:899:22:LL_I2C_DisableOwnAddress2	16	static
../Drivers/STM32F0xx_HAL_Driver/Inc/stm32f0xx_ll_i2c.h:1289:22:LL_I2C_EnableIT_TX	16	static
../Drivers/STM32F0xx_HAL_Driver/Inc/stm32f0xx_ll_i2c.h:1554:26:LL_I2C_IsActiveFlag_TXE	16	static
../Drivers/STM32F0xx_HAL_Driver/Inc/stm32f0xx_ll_i2c.h:1881:22:LL_I2C_EnableAutoEndMode	16	static
../Drivers/STM32F0xx_HAL_Driver/Inc/stm32f0xx_ll_i2c.h:2081:22:LL_I2C_SetSlaveAddr	16	static
../Drivers/STM32F0xx_HAL_Driver/Inc/stm32f0xx_ll_i2c.h:2135:22:LL_I2C_HandleTransfer	32	static
../Drivers/STM32F0xx_HAL_Driver/Inc/stm32f0xx_ll_rcc.h:746:22:LL_RCC_HSI_Enable	8	static
../Drivers/STM32F0xx_HAL_Driver/Inc/stm32f0xx_ll_rcc.h:766:26:LL_RCC_HSI_IsReady	8	static
../Drivers/STM32F0xx_HAL_Driver/Inc/stm32f0xx_ll_rcc.h:792:22:LL_RCC_HSI_SetCalibTrimming	16	static
../Drivers/STM32F0xx_HAL_Driver/Inc/stm32f0xx_ll_rcc.h:1098:22:LL_RCC_SetSysClkSource	16	static
../Drivers/STM32F0xx_HAL_Driver/Inc/stm32f0xx_ll_rcc.h:1114:26:LL_RCC_GetSysClkSource	8	static
../Drivers/STM32F0xx_HAL_Driver/Inc/stm32f0xx_ll_rcc.h:1134:22:LL_RCC_SetAHBPrescaler	16	static
../Drivers/STM32F0xx_HAL_Driver/Inc/stm32f0xx_ll_rcc.h:1150:22:LL_RCC_SetAPB1Prescaler	16	static
../Drivers/STM32F0xx_HAL_Driver/Inc/stm32f0xx_ll_rcc.h:1284:22:LL_RCC_SetI2CClockSource	16	static
../Drivers/STM32F0xx_HAL_Driver/Inc/stm32f0xx_ll_rcc.h:1505:22:LL_RCC_PLL_Enable	8	static
../Drivers/STM32F0xx_HAL_Driver/Inc/stm32f0xx_ll_rcc.h:1526:26:LL_RCC_PLL_IsReady	8	static
../Drivers/STM32F0xx_HAL_Driver/Inc/stm32f0xx_ll_rcc.h:1627:22:LL_RCC_PLL_ConfigDomain_SYS	16	static
../Drivers/STM32F0xx_HAL_Driver/Inc/stm32f0xx_ll_bus.h:225:22:LL_AHB1_GRP1_EnableClock	24	static
../Drivers/STM32F0xx_HAL_Driver/Inc/stm32f0xx_ll_bus.h:413:22:LL_APB1_GRP1_EnableClock	24	static
../Drivers/STM32F0xx_HAL_Driver/Inc/stm32f0xx_ll_bus.h:663:22:LL_APB1_GRP2_EnableClock	24	static
../Drivers/STM32F0xx_HAL_Driver/Inc/stm32f0xx_ll_system.h:1778:22:LL_FLASH_SetLatency	16	static
../Drivers/STM32F0xx_HAL_Driver/Inc/stm32f0xx_ll_system.h:1790:26:LL_FLASH_GetLatency	8	static
../Drivers/STM32F0xx_HAL_Driver/Inc/stm32f0xx_ll_tim.h:1073:22:LL_TIM_EnableCounter	16	static
../Drivers/STM32F0xx_HAL_Driver/Inc/stm32f0xx_ll_tim.h:1264:22:LL_TIM_DisableARRPreload	16	static
../Drivers/STM32F0xx_HAL_Driver/Inc/stm32f0xx_ll_tim.h:1368:22:LL_TIM_SetPrescaler	16	static
../Drivers/STM32F0xx_HAL_Driver/Inc/stm32f0xx_ll_tim.h:1395:22:LL_TIM_SetAutoReload	16	static
../Drivers/STM32F0xx_HAL_Driver/Inc/stm32f0xx_ll_tim.h:3105:22:LL_TIM_ClearFlag_UPDATE	16	static
../Drivers/STM32F0xx_HAL_Driver/Inc/stm32f0xx_ll_tim.h:3116:26:LL_TIM_IsActiveFlag_UPDATE	16	static
../Drivers/STM32F0xx_HAL_Driver/Inc/stm32f0xx_ll_tim.h:3380:22:LL_TIM_EnableIT_UPDATE	16	static
../Core/Inc/_Fnc_IRQ.h:8:6:I2C1_IRQHandler	8	static
../Core/Inc/_Fnc_IRQ.h:18:6:TIM16_IRQHandler	8	static
../Core/Inc/_Fnc_IRQ.h:29:6:TIM17_IRQHandler	8	static
../Core/Inc/_Fnc_Gen.h:3:6:delay_1ms	16	static,ignoring_inline_asm
../Core/Inc/_Fnc_Gen.h:8:6:delay_10us	16	static,ignoring_inline_asm
../Core/Inc/_SSD1306.h:1:9:SSD1306_Init	8	static
../Core/Inc/_SSD1306.h:52:6:SSD1306_Fill	16	static
../Core/Inc/_SSD1306.h:57:6:SSD1306_DrawPixel	24	static
../Core/Inc/_SSD1306.h:79:6:SSD1306_GotoXY	16	static
../Core/Inc/_SSD1306.h:85:6:SSD1306_Putc	32	static
../Core/Inc/_SSD1306.h:116:6:SSD1306_Puts	24	static
../Core/Inc/_SSD1306.h:133:6:SSD1306_Clear	8	static
../Core/Inc/_SSD1306.h:138:6:SSD1306_ON	8	static
../Core/Inc/_SSD1306.h:143:6:SSD1306_OFF	8	static
../Core/Inc/_SSD1306.h:150:6:ssd1306_I2C_Init	16	static
../Core/Inc/_SSD1306.h:157:6:SSD1306_UpdateScreen	16	static
../Core/Inc/_SSD1306.h:170:6:ssd1306_I2C_WriteMulti	40	static
../Core/Inc/_SSD1306.h:183:6:ssd1306_I2C_Write	32	static
../Core/Src/main.c:68:5:main	8	static
../Core/Src/main.c:121:6:SystemClock_Config	8	static
../Core/Src/main.c:162:13:MX_I2C1_Init	72	static
../Core/Src/main.c:231:13:MX_TIM16_Init	32	static
../Core/Src/main.c:268:13:MX_TIM17_Init	32	static
../Core/Src/main.c:305:13:MX_GPIO_Init	8	static
../Core/Src/main.c:326:6:Error_Handler	8	static,ignoring_inline_asm
